// Jest Snapshot v1, https://goo.gl/fbAQLP

exports[`AppPanel AppPanel renders correctly 1`] = `
<ForwardRef(WithStyles)
  className="makeStyles-appBar-3"
  style={Object {}}
>
  <ForwardRef(WithStyles)
    className="makeStyles-toolbar-1"
  >
    <ForwardRef(WithStyles)
      aria-label="Menu"
      color="inherit"
      edge="start"
    />
    <AddButton
      appPanelProps={
        Object {
          "isOpenConfirmDeleteDialog": false,
          "isOpenUndoDeleteSnackbar": false,
          "isTaskFormOpen": false,
          "onInputChange": [MockFunction],
          "onItemsDelete": [MockFunction],
          "onItemsExactlyDelete": [MockFunction],
          "onItemsUndoDelete": [MockFunction],
          "onSelectionReset": [MockFunction],
          "onTasksCancelDelete": [MockFunction],
          "onTasksConfirmDelete": [MockFunction],
          "onToggleTaskForm": [MockFunction],
          "searchTitle": "",
          "selected": Array [],
        }
      }
      classes={
        Object {
          "appBar": "makeStyles-appBar-3",
          "appBarWithSelect": "makeStyles-appBarWithSelect-4",
          "fabButton": "makeStyles-fabButton-7",
          "inputField": "makeStyles-inputField-9",
          "search": "makeStyles-search-5",
          "searchIcon": "makeStyles-searchIcon-6",
          "subTitle": "makeStyles-subTitle-2",
          "textField": "makeStyles-textField-8",
          "toolbar": "makeStyles-toolbar-1",
          "underline": "makeStyles-underline-10",
          "wrapper": "makeStyles-wrapper-11",
        }
      }
    />
    <div
      className="makeStyles-wrapper-11"
    >
      <ForwardRef(WithStyles)
        className="makeStyles-subTitle-2"
        data-test-id="panelTitle"
        variant="h6"
      >
        Automated Tasks
      </ForwardRef(WithStyles)>
      <SearchBlock
        appPanelProps={
          Object {
            "isOpenConfirmDeleteDialog": false,
            "isOpenUndoDeleteSnackbar": false,
            "isTaskFormOpen": false,
            "onInputChange": [MockFunction],
            "onItemsDelete": [MockFunction],
            "onItemsExactlyDelete": [MockFunction],
            "onItemsUndoDelete": [MockFunction],
            "onSelectionReset": [MockFunction],
            "onTasksCancelDelete": [MockFunction],
            "onTasksConfirmDelete": [MockFunction],
            "onToggleTaskForm": [MockFunction],
            "searchTitle": "",
            "selected": Array [],
          }
        }
        classes={
          Object {
            "appBar": "makeStyles-appBar-3",
            "appBarWithSelect": "makeStyles-appBarWithSelect-4",
            "fabButton": "makeStyles-fabButton-7",
            "inputField": "makeStyles-inputField-9",
            "search": "makeStyles-search-5",
            "searchIcon": "makeStyles-searchIcon-6",
            "subTitle": "makeStyles-subTitle-2",
            "textField": "makeStyles-textField-8",
            "toolbar": "makeStyles-toolbar-1",
            "underline": "makeStyles-underline-10",
            "wrapper": "makeStyles-wrapper-11",
          }
        }
      />
    </div>
  </ForwardRef(WithStyles)>
  <ConfirmationDeleteDialog
    onTasksCancelDelete={[MockFunction]}
    onTasksConfirmDelete={[MockFunction]}
    open={false}
  />
  <SimpleSnackbar
    isOpenUndoDeleteSnackbar={false}
    onItemsExactlyDelete={[MockFunction]}
    onItemsUndoDelete={[MockFunction]}
  />
</ForwardRef(WithStyles)>
`;
