// Jest Snapshot v1, https://goo.gl/fbAQLP

exports[`AppPanel AppPanel renders correctly 1`] = `
<WithStyles(ForwardRef(AppBar))
  className="makeStyles-appBar-3"
  style={Object {}}
>
  <WithStyles(ForwardRef(Toolbar))
    className="makeStyles-toolbar-1"
  >
    <WithStyles(ForwardRef(IconButton))
      aria-label="Menu"
      color="inherit"
      edge="start"
    />
    <AddButton
      appPanelProps={
        Object {
          "isOpenConfirmDeleteDialog": false,
          "isOpenUndoDeleteSnackbar": false,
          "isTaskFormOpen": false,
          "onInputChange": [MockFunction],
          "onItemsDelete": [MockFunction],
          "onItemsExactlyDelete": [MockFunction],
          "onItemsUndoDelete": [MockFunction],
          "onSelectionReset": [MockFunction],
          "onTasksCancelDelete": [MockFunction],
          "onTasksConfirmDelete": [MockFunction],
          "onToggleTaskForm": [MockFunction],
          "searchTitle": "",
          "selected": Array [],
        }
      }
      classes={
        Object {
          "appBar": "makeStyles-appBar-3",
          "appBarWithSelect": "makeStyles-appBarWithSelect-4",
          "fabButton": "makeStyles-fabButton-7",
          "inputField": "makeStyles-inputField-9",
          "search": "makeStyles-search-5",
          "searchIcon": "makeStyles-searchIcon-6",
          "subTitle": "makeStyles-subTitle-2",
          "textField": "makeStyles-textField-8",
          "toolbar": "makeStyles-toolbar-1",
          "underline": "makeStyles-underline-10",
          "wrapper": "makeStyles-wrapper-11",
        }
      }
    />
    <div
      className="makeStyles-wrapper-11"
    >
      <WithStyles(ForwardRef(Typography))
        className="makeStyles-subTitle-2"
        data-test-id="panelTitle"
        variant="h6"
      >
        Automated Tasks
      </WithStyles(ForwardRef(Typography))>
      <SearchBlock
        appPanelProps={
          Object {
            "isOpenConfirmDeleteDialog": false,
            "isOpenUndoDeleteSnackbar": false,
            "isTaskFormOpen": false,
            "onInputChange": [MockFunction],
            "onItemsDelete": [MockFunction],
            "onItemsExactlyDelete": [MockFunction],
            "onItemsUndoDelete": [MockFunction],
            "onSelectionReset": [MockFunction],
            "onTasksCancelDelete": [MockFunction],
            "onTasksConfirmDelete": [MockFunction],
            "onToggleTaskForm": [MockFunction],
            "searchTitle": "",
            "selected": Array [],
          }
        }
        classes={
          Object {
            "appBar": "makeStyles-appBar-3",
            "appBarWithSelect": "makeStyles-appBarWithSelect-4",
            "fabButton": "makeStyles-fabButton-7",
            "inputField": "makeStyles-inputField-9",
            "search": "makeStyles-search-5",
            "searchIcon": "makeStyles-searchIcon-6",
            "subTitle": "makeStyles-subTitle-2",
            "textField": "makeStyles-textField-8",
            "toolbar": "makeStyles-toolbar-1",
            "underline": "makeStyles-underline-10",
            "wrapper": "makeStyles-wrapper-11",
          }
        }
      />
    </div>
  </WithStyles(ForwardRef(Toolbar))>
  <ConfirmationDeleteDialog
    onTasksCancelDelete={[MockFunction]}
    onTasksConfirmDelete={[MockFunction]}
    open={false}
  />
  <SimpleSnackbar
    isOpenUndoDeleteSnackbar={false}
    onItemsExactlyDelete={[MockFunction]}
    onItemsUndoDelete={[MockFunction]}
  />
</WithStyles(ForwardRef(AppBar))>
`;
