// Jest Snapshot v1, https://goo.gl/fbAQLP

exports[`ConfirmationDeleteDialog ConfirmationDeleteDialog renders correctly 1`] = `
<WithStyles(ForwardRef(Dialog))
  aria-labelledby="alert-dialog-title"
  open={false}
>
  <WithStyles(ForwardRef(DialogTitle))
    id="alert-dialog-title"
  >
    Delete selected tasks?
  </WithStyles(ForwardRef(DialogTitle))>
  <WithStyles(ForwardRef(DialogActions))>
    <WithStyles(ForwardRef(Button))
      color="primary"
      id="confirmDelete"
      onClick={[MockFunction]}
    >
      Delete
    </WithStyles(ForwardRef(Button))>
    <WithStyles(ForwardRef(Button))
      autoFocus={true}
      color="primary"
      id="cancelDelete"
      onClick={[MockFunction]}
    >
      Cancel
    </WithStyles(ForwardRef(Button))>
  </WithStyles(ForwardRef(DialogActions))>
</WithStyles(ForwardRef(Dialog))>
`;
