// Jest Snapshot v1, https://goo.gl/fbAQLP

exports[`Navbar Navbar renders correctly 1`] = `
<WithStyles(ForwardRef(AppBar))
  className="makeStyles-navBar-5"
>
  <WithStyles(ForwardRef(Toolbar))
    className="makeStyles-toolbar-2"
  >
    <WithStyles(ForwardRef(IconButton))
      className="makeStyles-menuButton-3"
      color="inherit"
      edge="start"
    >
      <Logo />
    </WithStyles(ForwardRef(IconButton))>
    <WithStyles(ForwardRef(Typography))
      className="makeStyles-title-4"
      variant="h6"
    >
      Payload Monitoring
    </WithStyles(ForwardRef(Typography))>
    <WithStyles(ForwardRef(Button))
      color="inherit"
    >
      Login
    </WithStyles(ForwardRef(Button))>
    <WithStyles(ForwardRef(IconButton))
      color="inherit"
      edge="end"
    >
      <Memo(MoreVertIcon) />
    </WithStyles(ForwardRef(IconButton))>
  </WithStyles(ForwardRef(Toolbar))>
</WithStyles(ForwardRef(AppBar))>
`;
