// Jest Snapshot v1, https://goo.gl/fbAQLP

exports[`SimpleSnackbar SimpleSnackbar renders correctly 1`] = `
<WithStyles(ForwardRef(Snackbar))
  ContentProps={
    Object {
      "aria-describedby": "message-id",
    }
  }
  action={
    Array [
      <WithStyles(ForwardRef(Button))
        color="secondary"
        id="undoDelete"
        onClick={[MockFunction]}
        size="small"
      >
        UNDO
      </WithStyles(ForwardRef(Button))>,
      <WithStyles(ForwardRef(IconButton))
        aria-label="close"
        className="makeStyles-close-1"
        color="inherit"
        id="closeSnackbar"
        onClick={[MockFunction]}
      >
        <Memo(CloseIcon) />
      </WithStyles(ForwardRef(IconButton))>,
    ]
  }
  anchorOrigin={
    Object {
      "horizontal": "center",
      "vertical": "bottom",
    }
  }
  autoHideDuration={5000}
  id="snackBarForUndoDelete"
  message={
    <span
      id="message-id"
    >
      Task deleted
    </span>
  }
  onClose={[MockFunction]}
  open={false}
/>
`;
