// Jest Snapshot v1, https://goo.gl/fbAQLP

exports[`Main Main renders correctly 1`] = `
<div
  style={
    Object {
      "flexGrow": 1,
    }
  }
>
  <Navbar />
  <AppPanel />
  <div
    style={
      Object {
        "marginBottom": 20,
        "marginLeft": "auto",
        "marginRight": "auto",
        "marginTop": 150,
        "width": "80%",
      }
    }
  >
    <AppTable
      onItemSelect={[Function]}
      selected={Array []}
    />
  </div>
</div>
`;
