// Jest Snapshot v1, https://goo.gl/fbAQLP

exports[`AppTable AppTable renders correctly 1`] = `
<div
  style={
    Object {
      "maxWidth": "100%",
    }
  }
>
  <ForwardRef(WithStyles)
    columns={
      Array [
        Object {
          "cellStyle": Object {
            "borderBottom": 0,
            "fontSize": 16,
            "paddingBottom": 2,
            "paddingTop": 2,
          },
          "field": "type",
          "headerStyle": Object {
            "borderBottom": 0,
            "fontSize": 16,
          },
          "sorting": false,
          "title": "",
        },
        Object {
          "cellStyle": Object {
            "borderBottom": 0,
            "fontSize": 16,
            "paddingBottom": 2,
            "paddingTop": 2,
          },
          "field": "title",
          "title": "Task Title",
        },
        Object {
          "cellStyle": Object {
            "borderBottom": 0,
            "fontSize": 16,
            "paddingBottom": 2,
            "paddingTop": 2,
          },
          "field": "timeZone",
          "sorting": false,
          "title": "Time Zone",
        },
        Object {
          "cellStyle": Object {
            "borderBottom": 0,
            "fontSize": 16,
            "paddingBottom": 2,
            "paddingTop": 2,
          },
          "field": "reportTime",
          "sorting": false,
          "title": "Report Time",
        },
        Object {
          "cellStyle": Object {
            "borderBottom": 0,
            "fontSize": 16,
            "paddingBottom": 2,
            "paddingTop": 2,
          },
          "field": "repeat",
          "sorting": false,
          "title": "Repeat",
        },
      ]
    }
    components={
      Object {
        "Action": [Function],
      }
    }
    data={
      Array [
        Object {
          "checked": false,
          "id": 1,
          "repeat": "Everyday",
          "reportTime": "10:00 AM",
          "timeZone": "Asia/Aqtu UTC+5:00",
          "title": "Auto Orica USA report setting",
          "type": <ForwardRef(WithStyles)>
            123
          </ForwardRef(WithStyles)>,
        },
        Object {
          "checked": false,
          "id": 2,
          "repeat": "Weekend",
          "reportTime": "9:00 AM",
          "timeZone": "Asia/Aqtu UTC+5:00",
          "title": "Motion Metrics International",
          "type": <ForwardRef(WithStyles)>
            123
          </ForwardRef(WithStyles)>,
        },
        Object {
          "checked": false,
          "id": 3,
          "repeat": "Mon, Tue, Wed, Thur",
          "reportTime": "3:00 PM",
          "timeZone": "America/Los_Angeles UTC+8:00",
          "title": "MPM auto weekly report task",
          "type": <ForwardRef(WithStyles)>
            123
          </ForwardRef(WithStyles)>,
        },
        Object {
          "checked": false,
          "id": 4,
          "repeat": "Thur",
          "reportTime": "9:30 AM",
          "timeZone": "Africa/Johannesburg UTC+2:00",
          "title": "Orica USA auto report",
          "type": <ForwardRef(WithStyles)>
            123
          </ForwardRef(WithStyles)>,
        },
        Object {
          "checked": false,
          "id": 5,
          "repeat": "Weekdays",
          "reportTime": "9:30 AM",
          "timeZone": "Africa/Johannesburg UTC+2:00",
          "title": "Orica USA auto report",
          "type": <ForwardRef(WithStyles)>
            123
          </ForwardRef(WithStyles)>,
        },
      ]
    }
    onSelectionChange={[Function]}
    options={
      Object {
        "headerStyle": Object {
          "fontSize": 16,
        },
        "maxBodyHeight": 400,
        "paging": false,
        "search": false,
        "selection": true,
        "sorting": true,
        "toolbar": false,
      }
    }
    style={
      Object {
        "border": 0,
        "boxShadow": "none",
      }
    }
    tableRef={
      Object {
        "current": null,
      }
    }
  />
</div>
`;
