// Jest Snapshot v1, https://goo.gl/fbAQLP

exports[`AppTable AppTable renders correctly 1`] = `
<div
  style={
    Object {
      "maxWidth": "100%",
    }
  }
>
  <ForwardRef(WithStyles)
    columns={
      Array [
        Object {
          "cellStyle": Object {
            "borderBottom": 0,
            "fontSize": 16,
            "paddingBottom": 2,
            "paddingTop": 2,
          },
          "field": "type",
          "headerStyle": Object {
            "borderBottom": 0,
            "fontSize": 16,
          },
          "sorting": false,
          "title": "",
        },
        Object {
          "cellStyle": Object {
            "borderBottom": 0,
            "fontSize": 16,
            "paddingBottom": 2,
            "paddingTop": 2,
          },
          "field": "title",
          "title": "Task Title",
        },
        Object {
          "cellStyle": Object {
            "borderBottom": 0,
            "fontSize": 16,
            "paddingBottom": 2,
            "paddingTop": 2,
          },
          "field": "timeZone",
          "sorting": false,
          "title": "Time Zone",
        },
        Object {
          "cellStyle": Object {
            "borderBottom": 0,
            "fontSize": 16,
            "paddingBottom": 2,
            "paddingTop": 2,
          },
          "field": "reportTime",
          "sorting": false,
          "title": "Report Time",
        },
        Object {
          "cellStyle": Object {
            "borderBottom": 0,
            "fontSize": 16,
            "paddingBottom": 2,
            "paddingTop": 2,
          },
          "field": "repeat",
          "sorting": false,
          "title": "Repeat",
        },
      ]
    }
    data={
      Array [
        Object {
          "id": 1,
          "repeat": "Everyday",
          "reportTime": "10:00 AM",
          "selected": false,
          "timeZone": "Asia/Aqtu UTC+5:00",
          "title": "Auto Orica USA report setting",
          "type": <TaskAvatar
            type="Payload Monitoring Report"
          />,
        },
        Object {
          "id": 2,
          "repeat": "Weekend",
          "reportTime": "9:00 AM",
          "selected": false,
          "timeZone": "Asia/Aqtu UTC+5:00",
          "title": "Motion Metrics International",
          "type": <TaskAvatar
            type="Payload Monitoring Report"
          />,
        },
        Object {
          "id": 3,
          "repeat": "Mon, Tue, Wed, Thur",
          "reportTime": "3:00 PM",
          "selected": false,
          "timeZone": "America/Los_Angeles UTC+8:00",
          "title": "MPM auto weekly report task",
          "type": <TaskAvatar
            type="Fragmentation Report"
          />,
        },
        Object {
          "id": 4,
          "repeat": "Thur",
          "reportTime": "9:30 AM",
          "selected": false,
          "timeZone": "Africa/Johannesburg UTC+2:00",
          "title": "Orica USA auto report",
          "type": <TaskAvatar
            type="Tooth Detection Report"
          />,
        },
        Object {
          "id": 5,
          "repeat": "Weekdays",
          "reportTime": "9:30 AM",
          "selected": false,
          "timeZone": "Africa/Johannesburg UTC+2:00",
          "title": "Orica USA auto report",
          "type": <TaskAvatar
            type="Tooth Detection Report"
          />,
        },
      ]
    }
    onRowClick={[Function]}
    options={
      Object {
        "headerStyle": Object {
          "fontSize": 16,
        },
        "maxBodyHeight": 400,
        "paging": false,
        "rowStyle": [Function],
        "search": false,
        "sorting": true,
        "toolbar": false,
      }
    }
    style={
      Object {
        "border": 0,
        "boxShadow": "none",
      }
    }
  />
</div>
`;
