// Jest Snapshot v1, https://goo.gl/fbAQLP

exports[`App App renders correctly 1`] = `
<WithStyles(CssBaseline)>
  <Switch>
    <div
      style={
        Object {
          "flexGrow": 1,
        }
      }
    >
      <Navbar />
      <Route
        component={[Function]}
        exact={true}
        path="/"
      />
      <Route
        component={[Function]}
        path="/add/"
      />
    </div>
  </Switch>
</WithStyles(CssBaseline)>
`;
