// Jest Snapshot v1, https://goo.gl/fbAQLP

exports[`TaskListPage TaskListPage renders correctly 1`] = `
<React.Fragment>
  <AppPanel
    isOpenConfirmDeleteDialog={false}
    isOpenUndoDeleteSnackbar={false}
    isTaskFormOpen={false}
    onInputChange={[Function]}
    onItemsDelete={[Function]}
    onItemsExactlyDelete={[Function]}
    onItemsUndoDelete={[Function]}
    onSelectionReset={[Function]}
    onTasksCancelDelete={[Function]}
    onTasksConfirmDelete={[Function]}
    onToggleTaskForm={[Function]}
    searchTitle=""
    selected={Array []}
  />
  <div
    style={
      Object {
        "marginBottom": 20,
        "marginLeft": "auto",
        "marginRight": "auto",
        "marginTop": 150,
        "width": "80%",
      }
    }
  >
    <AppTable
      onItemSelect={[Function]}
      selected={Array []}
      taskList={Array []}
    />
  </div>
</React.Fragment>
`;
